fold 0 train 18381 val 21619 nnew [ 4882 13865  2703   169] newscaf 3996
Traceback (most recent call last):
  File "/home/minh/olympiad_offload/3B_v2/cv.py", line 29, in <module>
    model, hist = train_model(model, bt, tri, a.epochs, lr=a.lr, wd=a.wd, bs=a.bs, seed=a.seed,
                  ^^^^^^^^^^^^^^^^^^^^^^^^^^^^^^^^^^^^^^^^^^^^^^^^^^^^^^^^^^^^^^^^^^^^^^^^^^^^^
  File "/home/minh/olympiad_offload/3B_v2/lib2.py", line 187, in train_model
    loss = F.binary_cross_entropy_with_logits(model(b), yy)
                                              ^^^^^^^^
  File "/home/minh/olympiad_env/lib/python3.12/site-packages/torch/nn/modules/module.py", line 1736, in _wrapped_call_impl
    return self._call_impl(*args, **kwargs)
           ^^^^^^^^^^^^^^^^^^^^^^^^^^^^^^^^
  File "/home/minh/olympiad_env/lib/python3.12/site-packages/torch/nn/modules/module.py", line 1747, in _call_impl
    return forward_call(*args, **kwargs)
           ^^^^^^^^^^^^^^^^^^^^^^^^^^^^^
  File "/home/minh/olympiad_offload/3B_v2/lib2.py", line 156, in forward
    h = self.gnn(b)
        ^^^^^^^^^^^
  File "/home/minh/olympiad_env/lib/python3.12/site-packages/torch/nn/modules/module.py", line 1736, in _wrapped_call_impl
    return self._call_impl(*args, **kwargs)
           ^^^^^^^^^^^^^^^^^^^^^^^^^^^^^^^^
  File "/home/minh/olympiad_env/lib/python3.12/site-packages/torch/nn/modules/module.py", line 1747, in _call_impl
    return forward_call(*args, **kwargs)
           ^^^^^^^^^^^^^^^^^^^^^^^^^^^^^
  File "/home/minh/olympiad_offload/3B_v2/lib2.py", line 126, in forward
    z = self.mlps[l]((1 + self.eps[l]) * h + scatter_sum(msg, b['dst'], h.size(0)))
        ^^^^^^^^^^^^^^^^^^^^^^^^^^^^^^^^^^^^^^^^^^^^^^^^^^^^^^^^^^^^^^^^^^^^^^^^^^^
  File "/home/minh/olympiad_env/lib/python3.12/site-packages/torch/nn/modules/module.py", line 1736, in _wrapped_call_impl
    return self._call_impl(*args, **kwargs)
           ^^^^^^^^^^^^^^^^^^^^^^^^^^^^^^^^
  File "/home/minh/olympiad_env/lib/python3.12/site-packages/torch/nn/modules/module.py", line 1747, in _call_impl
    return forward_call(*args, **kwargs)
           ^^^^^^^^^^^^^^^^^^^^^^^^^^^^^
  File "/home/minh/olympiad_env/lib/python3.12/site-packages/torch/nn/modules/container.py", line 250, in forward
    input = module(input)
            ^^^^^^^^^^^^^
  File "/home/minh/olympiad_env/lib/python3.12/site-packages/torch/nn/modules/module.py", line 1736, in _wrapped_call_impl
    return self._call_impl(*args, **kwargs)
           ^^^^^^^^^^^^^^^^^^^^^^^^^^^^^^^^
  File "/home/minh/olympiad_env/lib/python3.12/site-packages/torch/nn/modules/module.py", line 1747, in _call_impl
    return forward_call(*args, **kwargs)
           ^^^^^^^^^^^^^^^^^^^^^^^^^^^^^
  File "/home/minh/olympiad_env/lib/python3.12/site-packages/torch/nn/modules/batchnorm.py", line 193, in forward
    return F.batch_norm(
           ^^^^^^^^^^^^^
  File "/home/minh/olympiad_env/lib/python3.12/site-packages/torch/nn/functional.py", line 2812, in batch_norm
    return torch.batch_norm(
           ^^^^^^^^^^^^^^^^^
torch.OutOfMemoryError: CUDA out of memory. Tried to allocate 20.00 MiB. GPU 0 has a total capacity of 2.94 GiB of which 17.62 MiB is free. Process 3217440 has 1.66 GiB memory in use. Process 3237154 has 549.38 MiB memory in use. Process 3238417 has 507.38 MiB memory in use. Including non-PyTorch memory, this process has 227.38 MiB memory in use. Of the allocated memory 122.29 MiB is allocated by PyTorch, and 41.71 MiB is reserved by PyTorch but unallocated. If reserved but unallocated memory is large try setting PYTORCH_CUDA_ALLOC_CONF=expandable_segments:True to avoid fragmentation.  See documentation for Memory Management  (https://pytorch.org/docs/stable/notes/cuda.html#environment-variables)
